// Bun Snapshot v1, https://goo.gl/fbAQLP

exports[`ContractBatchProvider one call fails in a batch 1`] = `
[
  {
    "status": "fulfilled",
    "value": [
      "0x0",
      "0x0",
    ],
  },
  {
    "status": "fulfilled",
    "value": [
      "0x0",
      "0x0",
    ],
  },
  {
    "status": "fulfilled",
    "value": [
      "0x0",
      "0x0",
    ],
  },
  {
    "status": "fulfilled",
    "value": [
      "0x0",
      "0x0",
    ],
  },
]
`;

exports[`ContractBatchProvider two call fails in a batch 1`] = `
[
  {
    "status": "fulfilled",
    "value": [
      "0x0",
      "0x0",
    ],
  },
  {
    "status": "fulfilled",
    "value": [
      "0x0",
      "0x0",
    ],
  },
  {
    "status": "fulfilled",
    "value": [
      "0x0",
      "0x0",
    ],
  },
  {
    "status": "fulfilled",
    "value": [
      "0x0",
      "0x0",
    ],
  },
]
`;
