// Bun Snapshot v1, https://goo.gl/fbAQLP

exports[`RpcBatchProvider one call fails in a batch 1`] = `
[
  {
    "status": "fulfilled",
    "value": {
      "result": [
        "0x0",
        "0x0",
      ],
    },
  },
  {
    "status": "fulfilled",
    "value": {
      "result": [
        "0x0",
        "0x0",
      ],
    },
  },
  {
    "reason": [LibraryError: -32603: Internal error: Error in the called contract (0x049d36570d4e46f48e99674bd3fcc84644ddd6b96f7c741b1562b82f9e004dc7):
Error at pc=0:104:
Got an exception while executing a hint: Hint Error: Entry point EntryPointSelector(StarkFelt("0x035a73cd311a05d46deda634c5ee045db92f811b4e74bca4437fcb5302b7af33")) not found in contract.
Cairo traceback (most recent call last):
Unknown location (pc=0:1678)
Unknown location (pc=0:1664)
],
    "status": "rejected",
  },
  {
    "status": "fulfilled",
    "value": {
      "result": [
        "0x0",
        "0x0",
      ],
    },
  },
]
`;
