// Bun Snapshot v1, https://goo.gl/fbAQLP

exports[`SequencerBatchProvider one call fails in a batch 1`] = `
[
  {
    "status": "fulfilled",
    "value": {
      "result": [
        "0x0",
        "0x0",
      ],
    },
  },
  {
    "status": "fulfilled",
    "value": {
      "result": [
        "0x0",
        "0x0",
      ],
    },
  },
  {
    "status": "rejected",
  },
  {
    "status": "fulfilled",
    "value": {
      "result": [
        "0x0",
        "0x0",
      ],
    },
  },
]
`;

exports[`SequencerBatchProvider two call fails in a batch 1`] = `
[
  {
    "status": "rejected",
  },
  {
    "status": "fulfilled",
    "value": {
      "result": [
        "0x0",
        "0x0",
      ],
    },
  },
  {
    "status": "rejected",
  },
  {
    "status": "fulfilled",
    "value": {
      "result": [
        "0x0",
        "0x0",
      ],
    },
  },
]
`;
